
> optisaas@0.0.0 build
> ng build

[33mÔØ»[39m Building...
[32mÔ£ö[39m Building...
Application bundle generation failed. [23.482 seconds] - 2026-01-17T01:36:38.909Z

node.exe : [1m[31m[31mX 
[41;31m[[41;97mERROR[41;31m][0m [1mCould 
not resolve 
"three/examples/jsm/loaders/GLTFLoader"[0m
Au caractère Ligne:1 : 1
+ & "C:\Program Files\nodejs/node.exe" 
"C:\Program Files\nodejs/node_mo ...
+ ~~~~~~~~~~~~~~~~~~~~~~~~~~~~~~~~~~~~~~~~~~~~~~~
~~~~~~~~~~~~~~~~~~~~~~
    + CategoryInfo          : NotSpecified: ([1 
   m[31m[31mX...GLTFLoader"[0m:String) [], R  
  emoteException
    + FullyQualifiedErrorId : NativeCommandError
 

    src/app/features/labs/components/essayage-3d/
essayage-3d.component.ts:5:27:
[37m      5 Ôöé import { GLTFLoader } from [32m
'three/examples/jsm/loaders/GLTFLoader'[37m;
        ÔòÁ                            
[32m~~~~~~~~~~~~~~~~~~~~~~~~~~~~~~~~~~~~~~~[0m

  The module "./examples/jsm/loaders/GLTFLoader" 
was not found on the file system:

    node_modules/three/package.json:14:24:
[37m      14 Ôöé     "./examples/jsm/*": 
[32m"./examples/jsm/*"[37m,
         ÔòÁ                         
[32m~~~~~~~~~~~~~~~~~~[0m

  Import from 
"three/examples/jsm/loaders/GLTFLoader.js" to 
get the file "node_modules/three/examples/jsm/loa
ders/GLTFLoader.js":

    src/app/features/labs/components/essayage-3d/
essayage-3d.component.ts:5:65:
[37m      5 Ôöé import { GLTFLoader } from 'thre
e/examples/jsm/loaders/GLTFLoader[32m[37m';
        Ôöé                                      
                            [32m^[37m
        ÔòÁ                                      
                            [32m.js[0m

  You can mark the path 
"three/examples/jsm/loaders/GLTFLoader" as 
external to exclude it from the bundle, which 
will remove this error and leave the unresolved 
path in the bundle.

[39m[22m
