
> backend@0.0.1 build
> nest build

node.exe : [96msrc/features/imports/imports.service.ts[0m:[93
m951[0m:[93m27[0m - [91merror[0m[90m TS2322: [0mType '{ 
id: string; createdAt: Date; updatedAt: Date; banque: string | 
null; nom: string; adresse: string | null; ville: string | 
null; telephone: string | null; email: string | null; ... 11 
more ...; siret: string | null; } | null' is not assignable to 
type 'null'.
Au caractère Ligne:1 : 1
+ & "C:\Program Files\nodejs/node.exe" "C:\Program 
Files\nodejs/node_mo ...
+ ~~~~~~~~~~~~~~~~~~~~~~~~~~~~~~~~~~~~~~~~~~~~~~~~~~~~~~~~~~~~~~
~~~~~~~
    + CategoryInfo          : NotSpecified: ([96msrc/featur... 
   to type 'null'.:String) [], RemoteException
    + FullyQualifiedErrorId : NativeCommandError
 
  Type '{ id: string; createdAt: Date; updatedAt: Date; banque: 
string | null; nom: string; adresse: string | null; ville: 
string | null; telephone: string | null; email: string | null; 
... 11 more ...; siret: string | null; }' is not assignable to 
type 'null'.

[7m951[0m                 if (code) existingFournisseur = 
await this.prisma.fournisseur.findFirst({ where: { nom: code } 
});
[7m   [0m [91m                          
~~~~~~~~~~~~~~~~~~~[0m
[96msrc/features/imports/imports.service.ts[0m:[93m952[0m:[
93m43[0m - [91merror[0m[90m TS2322: [0mType '{ id: string; 
createdAt: Date; updatedAt: Date; banque: string | null; nom: 
string; adresse: string | null; ville: string | null; 
telephone: string | null; email: string | null; ... 11 more 
...; siret: string | null; } | null' is not assignable to type 
'null'.
  Type '{ id: string; createdAt: Date; updatedAt: Date; banque: 
string | null; nom: string; adresse: string | null; ville: 
string | null; telephone: string | null; email: string | null; 
... 11 more ...; siret: string | null; }' is not assignable to 
type 'null'.

[7m952[0m                 if (!existingFournisseur) 
existingFournisseur = await this.prisma.fournisseur.findFirst({ 
where: { nom } });
[7m   [0m [91m                                          
~~~~~~~~~~~~~~~~~~~[0m
[96msrc/features/imports/imports.service.ts[0m:[93m964[0m:[
93m93[0m - [91merror[0m[90m TS2339: [0mProperty 'id' does 
not exist on type 'never'.

[7m964[0m                     await 
this.prisma.fournisseur.update({ where: { id: 
existingFournisseur.id }, data: fournisseurData as any });
[7m   [0m [91m                                               
                                             ~~[0m
[96msrc/features/imports/imports.service.ts[0m:[93m992[0m:[
93m38[0m - [91merror[0m[90m TS2322: [0mType '{ id: string; 
createdAt: Date; updatedAt: Date; banque: string | null; nom: 
string; adresse: string | null; ville: string | null; 
telephone: string | null; email: string | null; ... 11 more 
...; siret: string | null; } | null' is not assignable to type 
'null'.
  Type '{ id: string; createdAt: Date; updatedAt: Date; banque: 
string | null; nom: string; adresse: string | null; ville: 
string | null; telephone: string | null; email: string | null; 
... 11 more ...; siret: string | null; }' is not assignable to 
type 'null'.

[7m992[0m                 if (codeFournisseur) fournisseur = 
await this.prisma.fournisseur.findFirst({ where: { nom: 
codeFournisseur } });
[7m   [0m [91m                                     
~~~~~~~~~~~[0m
[96msrc/features/imports/imports.service.ts[0m:[93m993[0m:[
93m53[0m - [91merror[0m[90m TS2322: [0mType '{ id: string; 
createdAt: Date; updatedAt: Date; banque: string | null; nom: 
string; adresse: string | null; ville: string | null; 
telephone: string | null; email: string | null; ... 11 more 
...; siret: string | null; } | null' is not assignable to type 
'null'.
  Type '{ id: string; createdAt: Date; updatedAt: Date; banque: 
string | null; nom: string; adresse: string | null; ville: 
string | null; telephone: string | null; email: string | null; 
... 11 more ...; siret: string | null; }' is not assignable to 
type 'null'.

[7m993[0m                 if (!fournisseur && nomFournisseur) 
fournisseur = await this.prisma.fournisseur.findFirst({ where: 
{ nom: nomFournisseur } });
[7m   [0m [91m                                               
     ~~~~~~~~~~~[0m
[96msrc/features/imports/imports.service.ts[0m:[93m994[0m:[
93m53[0m - [91merror[0m[90m TS2322: [0mType '{ id: string; 
createdAt: Date; updatedAt: Date; banque: string | null; nom: 
string; adresse: string | null; ville: string | null; 
telephone: string | null; email: string | null; ... 11 more 
...; siret: string | null; }' is not assignable to type 'null'.

[7m994[0m                 if (!fournisseur && nomFournisseur) 
fournisseur = await this.prisma.fournisseur.create({ data: { 
nom: nomFournisseur } });
[7m   [0m [91m                                               
     ~~~~~~~~~~~[0m
[96msrc/features/imports/imports.service.ts[0m:[93m1008[0m:
[93m48[0m - [91merror[0m[90m TS2339: [0mProperty 'id' does 
not exist on type 'never'.

[7m1008[0m                     fournisseurId: fournisseur.id, 
centreId: centreId || null
[7m    [0m [91m                                              
 ~~[0m
[96msrc/features/imports/imports.service.ts[0m:[93m1011[0m:
[93m72[0m - [91merror[0m[90m TS2339: [0mProperty 'id' does 
not exist on type 'never'.

[7m1011[0m                     where: { numeroFacture, 
fournisseurId: fournisseur.id }
[7m    [0m [91m                                              
                         ~~[0m
[96msrc/features/imports/imports.service.ts[0m:[93m1043[0m:
[93m38[0m - [91merror[0m[90m TS2322: [0mType '{ id: 
string; statut: string; createdAt: Date; updatedAt: Date; type: 
string; centreId: string | null; dateEmission: Date; 
dateEcheance: Date | null; clientId: string | null; ... 9 more 
...; pieceJointeUrl: string | null; } | null' is not assignable 
to type 'null'.
  Type '{ id: string; statut: string; createdAt: Date; 
updatedAt: Date; type: string; centreId: string | null; 
dateEmission: Date; dateEcheance: Date | null; clientId: string 
| null; ... 9 more ...; pieceJointeUrl: string | null; }' is 
not assignable to type 'null'.

[7m1043[0m                     if (fournisseur) facture = 
await this.prisma.factureFournisseur.findFirst({ where: { 
numeroFacture, fournisseurId: fournisseur.id } });
[7m    [0m [91m                                     
~~~~~~~[0m
[96msrc/features/imports/imports.service.ts[0m:[93m1045[0m:
[93m21[0m - [91merror[0m[90m TS2322: [0mType '{ id: 
string; statut: string; createdAt: Date; updatedAt: Date; type: 
string; centreId: string | null; dateEmission: Date; 
dateEcheance: Date | null; clientId: string | null; ... 9 more 
...; pieceJointeUrl: string | null; } | null' is not assignable 
to type 'null'.
  Type '{ id: string; statut: string; createdAt: Date; 
updatedAt: Date; type: string; centreId: string | null; 
dateEmission: Date; dateEcheance: Date | null; clientId: string 
| null; ... 9 more ...; pieceJointeUrl: string | null; }' is 
not assignable to type 'null'.

[7m1045[0m                     facture = await 
this.prisma.factureFournisseur.findFirst({ where: { 
numeroFacture } });
[7m    [0m [91m                    ~~~~~~~[0m
[96msrc/features/imports/imports.service.ts[0m:[93m1056[0m:
[93m55[0m - [91merror[0m[90m TS2339: [0mProperty 'id' does 
not exist on type 'never'.

[7m1056[0m                         factureFournisseurId: 
facture.id, montant, datePaiement,
[7m    [0m [91m                                              
        ~~[0m
[96msrc/features/imports/imports.service.ts[0m:[93m1056[0m:
[93m68[0m - [91merror[0m[90m TS2353: [0mObject literal may 
only specify known properties, and 'datePaiement' does not 
exist in type '(Without<EcheancePaiementCreateInput, 
EcheancePaiementUncheckedCreateInput> & 
EcheancePaiementUncheckedCreateInput) | (Without<...> & 
EcheancePaiementCreateInput)'.

[7m1056[0m                         factureFournisseurId: 
facture.id, montant, datePaiement,
[7m    [0m [91m                                              
                     ~~~~~~~~~~~~[0m

  [96mnode_modules/.prisma/client/index.d.ts[0m:[93m27980[0m
:[93m5[0m
    [7m27980[0m     data: XOR<EcheancePaiementCreateInput, 
EcheancePaiementUncheckedCreateInput>
    [7m     [0m [96m    ~~~~[0m
    The expected type comes from property 'data' which is 
declared here on type '{ select?: 
EcheancePaiementSelect<DefaultArgs> | null | undefined; omit?: 
EcheancePaiementOmit<DefaultArgs> | null | undefined; include?: 
EcheancePaiementInclude<...> | ... 1 more ... | undefined; 
data: (Without<...> & EcheancePaiementUncheckedCreateInput) | 
(Without<...> & EcheancePaiementCreateInput); }'
[96msrc/features/imports/imports.service.ts[0m:[93m1062[0m:
[93m60[0m - [91merror[0m[90m TS2339: [0mProperty 'id' does 
not exist on type 'never'.

[7m1062[0m                     where: { factureFournisseurId: 
facture.id }, _sum: { montant: true }
[7m    [0m [91m                                              
             ~~[0m
[96msrc/features/imports/imports.service.ts[0m:[93m1064[0m:
[93m80[0m - [91merror[0m[90m TS2339: [0mProperty 
'montantTTC' does not exist on type 'never'.

[7m1064[0m                 const nouveauStatut = 
(totalPaye._sum.montant || 0) >= facture.montantTTC ? 'PAYEE' : 
'PARTIELLE';
[7m    [0m [91m                                              
                                 ~~~~~~~~~~[0m
[96msrc/features/imports/imports.service.ts[0m:[93m1065[0m:
[93m84[0m - [91merror[0m[90m TS2339: [0mProperty 'id' does 
not exist on type 'never'.

[7m1065[0m                 await 
this.prisma.factureFournisseur.update({ where: { id: facture.id 
}, data: { statut: nouveauStatut as string } });
[7m    [0m [91m                                              
                                     ~~[0m
[96msrc/features/imports/imports.service.ts[0m:[93m1088[0m:
[93m33[0m - [91merror[0m[90m TS2322: [0mType '{ id: 
string; statut: string; centreId: string | null; nom: string | 
null; adresse: string | null; ville: string | null; codePostal: 
string | null; telephone: string | null; email: string | null; 
... 25 more ...; titre: string | null; } | null' is not 
assignable to type 'null'.
  Type '{ id: string; statut: string; centreId: string | null; 
nom: string | null; adresse: string | null; ville: string | 
null; codePostal: string | null; telephone: string | null; 
email: string | null; ... 25 more ...; titre: string | null; }' 
is not assignable to type 'null'.

[7m1088[0m                 if (codeClient) client = await 
this.prisma.client.findFirst({ where: { codeClient } });
[7m    [0m [91m                                ~~~~~~[0m
[96msrc/features/imports/imports.service.ts[0m:[93m1089[0m:
[93m43[0m - [91merror[0m[90m TS2322: [0mType '{ id: 
string; statut: string; centreId: string | null; nom: string | 
null; adresse: string | null; ville: string | null; codePostal: 
string | null; telephone: string | null; email: string | null; 
... 25 more ...; titre: string | null; } | null' is not 
assignable to type 'null'.
  Type '{ id: string; statut: string; centreId: string | null; 
nom: string | null; adresse: string | null; ville: string | 
null; codePostal: string | null; telephone: string | null; 
email: string | null; ... 25 more ...; titre: string | null; }' 
is not assignable to type 'null'.

[7m1089[0m                 if (!client && nomClient) client = 
await this.prisma.client.findFirst({ where: { nom: nomClient } 
});
[7m    [0m [91m                                          
~~~~~~[0m
[96msrc/features/imports/imports.service.ts[0m:[93m1109[0m:
[93m38[0m - [91merror[0m[90m TS2339: [0mProperty 'id' does 
not exist on type 'never'.

[7m1109[0m                     clientId: client.id, totalHT, 
totalTVA, totalTTC, resteAPayer: totalTTC,
[7m    [0m [91m                                     ~~[0m
[96msrc/features/imports/imports.service.ts[0m:[93m1143[0m:
[93m33[0m - [91merror[0m[90m TS2322: [0mType '{ id: 
string; statut: string; createdAt: Date; updatedAt: Date; 
notes: string | null; type: string; typeOperation: string; 
centreId: string | null; numero: string; dateEmission: Date; 
... 12 more ...; vendeurId: string | null; } | null' is not 
assignable to type 'null'.
  Type '{ id: string; statut: string; createdAt: Date; 
updatedAt: Date; notes: string | null; type: string; 
typeOperation: string; centreId: string | null; numero: string; 
dateEmission: Date; ... 12 more ...; vendeurId: string | null; 
}' is not assignable to type 'null'.

[7m1143[0m                     if (client) facture = await 
this.prisma.facture.findFirst({ where: { numero: numeroFacture, 
clientId: client.id } });
[7m    [0m [91m                                ~~~~~~~[0m
[96msrc/features/imports/imports.service.ts[0m:[93m1145[0m:
[93m21[0m - [91merror[0m[90m TS2322: [0mType '{ id: 
string; statut: string; createdAt: Date; updatedAt: Date; 
notes: string | null; type: string; typeOperation: string; 
centreId: string | null; numero: string; dateEmission: Date; 
... 12 more ...; vendeurId: string | null; } | null' is not 
assignable to type 'null'.
  Type '{ id: string; statut: string; createdAt: Date; 
updatedAt: Date; notes: string | null; type: string; 
typeOperation: string; centreId: string | null; numero: string; 
dateEmission: Date; ... 12 more ...; vendeurId: string | null; 
}' is not assignable to type 'null'.

[7m1145[0m                     facture = await 
this.prisma.facture.findFirst({ where: { numero: numeroFacture 
} });
[7m    [0m [91m                    ~~~~~~~[0m
[96msrc/features/imports/imports.service.ts[0m:[93m1156[0m:
[93m44[0m - [91merror[0m[90m TS2339: [0mProperty 'id' does 
not exist on type 'never'.

[7m1156[0m                         factureId: facture.id, 
montant, date: datePaiement,
[7m    [0m [91m                                           
~~[0m
[96msrc/features/imports/imports.service.ts[0m:[93m1162[0m:
[93m49[0m - [91merror[0m[90m TS2339: [0mProperty 'id' does 
not exist on type 'never'.

[7m1162[0m                     where: { factureId: facture.id 
}, _sum: { montant: true }
[7m    [0m [91m                                              
  ~~[0m
[96msrc/features/imports/imports.service.ts[0m:[93m1164[0m:
[93m45[0m - [91merror[0m[90m TS2339: [0mProperty 
'totalTTC' does not exist on type 'never'.

[7m1164[0m                 const resteAPayer = 
facture.totalTTC - (totalPaye._sum.montant || 0);
[7m    [0m [91m                                            
~~~~~~~~[0m
[96msrc/features/imports/imports.service.ts[0m:[93m1167[0m:
[93m42[0m - [91merror[0m[90m TS2339: [0mProperty 'id' does 
not exist on type 'never'.

[7m1167[0m                     where: { id: facture.id }, 
data: { resteAPayer, statut: nouveauStatut as string }
[7m    [0m [91m                                         
~~[0m

Found 24 error(s).

